// Jest Snapshot v1, https://goo.gl/fbAQLP

exports[`Canvas should correctly mount 1`] = `null`;
