// Vitest Snapshot v1

exports[`Canvas > should correctly mount 1`] = `
<div>
  <div
    style="position: relative; width: 100%; height: 100%; overflow: hidden;"
  >
    <canvas
      height="800"
      style="display: block; width: 1280px; height: 800px;"
      width="1280"
    />
  </div>
</div>
`;
